// Jest Snapshot v1, https://goo.gl/fbAQLP

exports[`PageWrapper should match snapshot 1`] = `
<div
  class="css-pg2mau"
/>
`;
