// Jest Snapshot v1, https://goo.gl/fbAQLP

exports[`ErrorBoundaries should match snapshot 1`] = `
<div
  class="css-1wb36w"
>
  <div
    class="css-airixb"
  >
    <h2
      class="MuiTypography-root MuiTypography-h2 css-1obuk2h-MuiTypography-root"
    >
      Something went wrong
    </h2>
    <h6
      class="MuiTypography-root MuiTypography-subtitle1 css-1da9m30-MuiTypography-root"
    >
      Please either refresh page or return to home to try again.
    </h6>
    <div
      class="MuiGrid-root css-1xmc6ts-MuiGrid-root"
    >
      <button
        class="MuiButtonBase-root MuiButton-root MuiButton-contained MuiButton-containedPrimary MuiButton-sizeMedium MuiButton-containedSizeMedium MuiButton-root MuiButton-contained MuiButton-containedPrimary MuiButton-sizeMedium MuiButton-containedSizeMedium css-sghohy-MuiButtonBase-root-MuiButton-root"
        tabindex="0"
        type="button"
      >
        <h6
          class="MuiTypography-root MuiTypography-subtitle1 css-10wpov9-MuiTypography-root"
        >
          Back to Home
        </h6>
        <span
          class="MuiTouchRipple-root css-8je8zh-MuiTouchRipple-root"
        />
      </button>
      <button
        class="MuiButtonBase-root MuiButton-root MuiButton-outlined MuiButton-outlinedPrimary MuiButton-sizeMedium MuiButton-outlinedSizeMedium MuiButton-root MuiButton-outlined MuiButton-outlinedPrimary MuiButton-sizeMedium MuiButton-outlinedSizeMedium css-6q3cg8-MuiButtonBase-root-MuiButton-root"
        tabindex="0"
        type="button"
      >
        <h6
          class="MuiTypography-root MuiTypography-subtitle1 css-10wpov9-MuiTypography-root"
        >
          Refresh Page
        </h6>
        <span
          class="MuiTouchRipple-root css-8je8zh-MuiTouchRipple-root"
        />
      </button>
    </div>
  </div>
</div>
`;
